let makeProps
  : ?name:'name -> ?key:string -> unit -> < name: 'name option   >  Js.t =
  fun ?name -> fun ?key -> fun _ -> 2
let make =
  let Test (Props : < name: 'name option   >  Js.t) =
    let name = match Props ## name with | Some name -> name | None -> "" in
    ReactDOM.createDOMElementVariadic "div"
      [|(React.string ("Hello " ^ name))|] in
  Test
